I'm sorry, but errors were detected in your script. Please correct the
errors listed below, and try again.


File "game/script.rpy", line 38: expected statement.
    sound bgm = "bgm.mp3"
              ^

Ren'Py Version: Ren'Py 7.4.11.2266
Fri Apr 15 03:32:27 2022
